10.217.108.49 - - [09/Mar/2017:16:25:46 -0500] "GET /phs/StudentSearch.php HTTP/1.1" 500 2398 "https://idptest.queensu.ca/idp/profile/SAML2/Redirect/SSO?execution=e4s2" "Mozilla/5.0 (Macintosh; Intel Mac OS X 10_11_6) AppleWebKit/602.1.50 (KHTML, like Gecko) Version/10.0 Safari/602.1.50"
10.217.108.49 - - [09/Mar/2017:16:25:51 -0500] "GET /phs/ HTTP/1.1" 302 3106 "-" "Mozilla/5.0 (Macintosh; Intel Mac OS X 10_11_6) AppleWebKit/602.1.50 (KHTML, like Gecko) Version/10.0 Safari/602.1.50"
10.217.108.49 - - [09/Mar/2017:16:25:51 -0500] "GET /phs/StudentSearch.php HTTP/1.1" 500 2398 "-" "Mozilla/5.0 (Macintosh; Intel Mac OS X 10_11_6) AppleWebKit/602.1.50 (KHTML, like Gecko) Version/10.0 Safari/602.1.50"
10.217.108.49 - - [09/Mar/2017:16:25:51 -0500] "GET /phs/studentFirstLogin.php HTTP/1.1" 200 1973 "-" "Mozilla/5.0 (Macintosh; Intel Mac OS X 10_11_6) AppleWebKit/602.1.50 (KHTML, like Gecko) Version/10.0 Safari/602.1.50"
10.217.108.49 - - [09/Mar/2017:16:25:52 -0500] "GET /phs/css/Index.css HTTP/1.1" 200 90 "https://webappdev.queensu.ca/phs/studentFirstLogin.php" "Mozilla/5.0 (Macintosh; Intel Mac OS X 10_11_6) AppleWebKit/602.1.50 (KHTML, like Gecko) Version/10.0 Safari/602.1.50"
10.217.108.49 - - [09/Mar/2017:16:25:55 -0500] "GET /phs/profileMSCE.php HTTP/1.1" 200 4470 "https://webappdev.queensu.ca/phs/studentFirstLogin.php" "Mozilla/5.0 (Macintosh; Intel Mac OS X 10_11_6) AppleWebKit/602.1.50 (KHTML, like Gecko) Version/10.0 Safari/602.1.50"
10.217.108.49 - - [09/Mar/2017:16:26:53 -0500] "GET /phs/profileMSCE.php? HTTP/1.1" 200 4470 "https://webappdev.queensu.ca/phs/profileMSCE.php" "Mozilla/5.0 (Macintosh; Intel Mac OS X 10_11_6) AppleWebKit/602.1.50 (KHTML, like Gecko) Version/10.0 Safari/602.1.50"
10.217.67.9 - - [09/Mar/2017:16:28:03 -0500] "GET /phs/ HTTP/1.1" 200 3116 "https://idptest.queensu.ca/idp/profile/SAML2/Redirect/SSO;jsessionid=174B8215CF150017EFBDD2EB6CE42EC7?execution=e1s3" "Mozilla/5.0 (Windows NT 10.0; WOW64) AppleWebKit/537.36 (KHTML, like Gecko) Chrome/56.0.2924.87 Safari/537.36"
10.217.67.9 - - [09/Mar/2017:16:28:03 -0500] "GET /phs/css/Index.css HTTP/1.1" 200 90 "https://webappdev.queensu.ca/phs/" "Mozilla/5.0 (Windows NT 10.0; WOW64) AppleWebKit/537.36 (KHTML, like Gecko) Chrome/56.0.2924.87 Safari/537.36"
10.217.67.9 - - [09/Mar/2017:16:28:03 -0500] "GET /phs/css/global.css HTTP/1.1" 200 1115 "https://webappdev.queensu.ca/phs/" "Mozilla/5.0 (Windows NT 10.0; WOW64) AppleWebKit/537.36 (KHTML, like Gecko) Chrome/56.0.2924.87 Safari/537.36"
10.217.67.9 - - [09/Mar/2017:16:28:03 -0500] "GET /phs/Assets/banner.jpg HTTP/1.1" 200 34230 "https://webappdev.queensu.ca/phs/" "Mozilla/5.0 (Windows NT 10.0; WOW64) AppleWebKit/537.36 (KHTML, like Gecko) Chrome/56.0.2924.87 Safari/537.36"
10.217.108.49 - - [09/Mar/2017:16:32:04 -0500] "GET /phs/StudentSearch.php HTTP/1.1" 500 2398 "-" "Mozilla/5.0 (Macintosh; Intel Mac OS X 10_11_6) AppleWebKit/602.1.50 (KHTML, like Gecko) Version/10.0 Safari/602.1.50"
10.217.29.45 - - [09/Mar/2017:16:32:34 -0500] "GET /phs/ HTTP/1.1" 200 3104 "https://idptest.queensu.ca/idp/profile/SAML2/Redirect/SSO?execution=e1s3" "Mozilla/5.0 (Macintosh; Intel Mac OS X 10_12_3) AppleWebKit/537.36 (KHTML, like Gecko) Chrome/56.0.2924.87 Safari/537.36"
10.217.29.45 - - [09/Mar/2017:16:32:35 -0500] "GET /phs/css/Index.css HTTP/1.1" 200 90 "https://webappdev.queensu.ca/phs/" "Mozilla/5.0 (Macintosh; Intel Mac OS X 10_12_3) AppleWebKit/537.36 (KHTML, like Gecko) Chrome/56.0.2924.87 Safari/537.36"
10.217.29.45 - - [09/Mar/2017:16:32:35 -0500] "GET /phs/css/global.css HTTP/1.1" 200 1115 "https://webappdev.queensu.ca/phs/" "Mozilla/5.0 (Macintosh; Intel Mac OS X 10_12_3) AppleWebKit/537.36 (KHTML, like Gecko) Chrome/56.0.2924.87 Safari/537.36"
10.217.29.45 - - [09/Mar/2017:16:32:35 -0500] "GET /phs/Assets/banner.jpg HTTP/1.1" 200 34230 "https://webappdev.queensu.ca/phs/" "Mozilla/5.0 (Macintosh; Intel Mac OS X 10_12_3) AppleWebKit/537.36 (KHTML, like Gecko) Chrome/56.0.2924.87 Safari/537.36"
10.217.29.45 - - [09/Mar/2017:16:32:38 -0500] "POST /phs/ HTTP/1.1" 302 3093 "https://webappdev.queensu.ca/phs/" "Mozilla/5.0 (Macintosh; Intel Mac OS X 10_12_3) AppleWebKit/537.36 (KHTML, like Gecko) Chrome/56.0.2924.87 Safari/537.36"
10.217.29.45 - - [09/Mar/2017:16:32:38 -0500] "GET /phs/MPHAdminDashboard.php HTTP/1.1" 200 12754 "https://webappdev.queensu.ca/phs/" "Mozilla/5.0 (Macintosh; Intel Mac OS X 10_12_3) AppleWebKit/537.36 (KHTML, like Gecko) Chrome/56.0.2924.87 Safari/537.36"
10.217.29.45 - - [09/Mar/2017:16:32:38 -0500] "GET /phs/js/dropdownValues.js HTTP/1.1" 200 141 "https://webappdev.queensu.ca/phs/MPHAdminDashboard.php" "Mozilla/5.0 (Macintosh; Intel Mac OS X 10_12_3) AppleWebKit/537.36 (KHTML, like Gecko) Chrome/56.0.2924.87 Safari/537.36"
10.217.29.45 - - [09/Mar/2017:16:32:38 -0500] "GET /phs/css/adminDashboard.css HTTP/1.1" 200 1068 "https://webappdev.queensu.ca/phs/MPHAdminDashboard.php" "Mozilla/5.0 (Macintosh; Intel Mac OS X 10_12_3) AppleWebKit/537.36 (KHTML, like Gecko) Chrome/56.0.2924.87 Safari/537.36"
10.217.29.45 - - [09/Mar/2017:16:36:28 -0500] "GET /phs/ HTTP/1.1" 200 3104 "-" "Mozilla/5.0 (Macintosh; Intel Mac OS X 10_12_3) AppleWebKit/537.36 (KHTML, like Gecko) Chrome/56.0.2924.87 Safari/537.36"
10.217.29.45 - - [09/Mar/2017:16:36:28 -0500] "GET /phs/css/global.css HTTP/1.1" 200 1115 "https://webappdev.queensu.ca/phs/" "Mozilla/5.0 (Macintosh; Intel Mac OS X 10_12_3) AppleWebKit/537.36 (KHTML, like Gecko) Chrome/56.0.2924.87 Safari/537.36"
10.217.67.9 - - [09/Mar/2017:16:38:20 -0500] "POST /phs/ HTTP/1.1" 302 3105 "https://webappdev.queensu.ca/phs/" "Mozilla/5.0 (Windows NT 10.0; WOW64) AppleWebKit/537.36 (KHTML, like Gecko) Chrome/56.0.2924.87 Safari/537.36"
10.217.67.9 - - [09/Mar/2017:16:38:20 -0500] "GET /phs/MPHAdminDashboard.php HTTP/1.1" 200 12754 "https://webappdev.queensu.ca/phs/" "Mozilla/5.0 (Windows NT 10.0; WOW64) AppleWebKit/537.36 (KHTML, like Gecko) Chrome/56.0.2924.87 Safari/537.36"
10.217.67.9 - - [09/Mar/2017:16:38:20 -0500] "GET /phs/js/dropdownValues.js HTTP/1.1" 200 141 "https://webappdev.queensu.ca/phs/MPHAdminDashboard.php" "Mozilla/5.0 (Windows NT 10.0; WOW64) AppleWebKit/537.36 (KHTML, like Gecko) Chrome/56.0.2924.87 Safari/537.36"
10.217.67.9 - - [09/Mar/2017:16:38:20 -0500] "GET /phs/css/adminDashboard.css HTTP/1.1" 200 1068 "https://webappdev.queensu.ca/phs/MPHAdminDashboard.php" "Mozilla/5.0 (Windows NT 10.0; WOW64) AppleWebKit/537.36 (KHTML, like Gecko) Chrome/56.0.2924.87 Safari/537.36"
10.217.67.9 - - [09/Mar/2017:16:38:28 -0500] "POST /phs/MPHAdminDashboard.php HTTP/1.1" 200 14059 "https://webappdev.queensu.ca/phs/MPHAdminDashboard.php" "Mozilla/5.0 (Windows NT 10.0; WOW64) AppleWebKit/537.36 (KHTML, like Gecko) Chrome/56.0.2924.87 Safari/537.36"
10.217.67.9 - - [09/Mar/2017:16:38:34 -0500] "POST /phs/MPHAdminDashboard.php HTTP/1.1" 200 13840 "https://webappdev.queensu.ca/phs/MPHAdminDashboard.php" "Mozilla/5.0 (Windows NT 10.0; WOW64) AppleWebKit/537.36 (KHTML, like Gecko) Chrome/56.0.2924.87 Safari/537.36"
10.217.67.9 - - [09/Mar/2017:16:38:44 -0500] "POST /phs/MPHAdminDashboard.php HTTP/1.1" 200 13526 "https://webappdev.queensu.ca/phs/MPHAdminDashboard.php" "Mozilla/5.0 (Windows NT 10.0; WOW64) AppleWebKit/537.36 (KHTML, like Gecko) Chrome/56.0.2924.87 Safari/537.36"
10.217.67.9 - - [09/Mar/2017:16:39:01 -0500] "POST /phs/MPHAdminDashboard.php HTTP/1.1" 200 15167 "https://webappdev.queensu.ca/phs/MPHAdminDashboard.php" "Mozilla/5.0 (Windows NT 10.0; WOW64) AppleWebKit/537.36 (KHTML, like Gecko) Chrome/56.0.2924.87 Safari/537.36"
10.217.67.9 - - [09/Mar/2017:16:39:04 -0500] "POST /phs/MPHAdminDashboard.php HTTP/1.1" 200 13840 "https://webappdev.queensu.ca/phs/MPHAdminDashboard.php" "Mozilla/5.0 (Windows NT 10.0; WOW64) AppleWebKit/537.36 (KHTML, like Gecko) Chrome/56.0.2924.87 Safari/537.36"
10.217.67.9 - - [09/Mar/2017:16:39:17 -0500] "POST /phs/MPHAdminDashboard.php HTTP/1.1" 200 13120 "https://webappdev.queensu.ca/phs/MPHAdminDashboard.php" "Mozilla/5.0 (Windows NT 10.0; WOW64) AppleWebKit/537.36 (KHTML, like Gecko) Chrome/56.0.2924.87 Safari/537.36"
10.217.67.9 - - [09/Mar/2017:16:39:59 -0500] "POST /phs/MPHAdminDashboard.php HTTP/1.1" 200 14059 "https://webappdev.queensu.ca/phs/MPHAdminDashboard.php" "Mozilla/5.0 (Windows NT 10.0; WOW64) AppleWebKit/537.36 (KHTML, like Gecko) Chrome/56.0.2924.87 Safari/537.36"
10.217.67.9 - - [09/Mar/2017:16:40:07 -0500] "POST /phs/MPHAdminDashboard.php HTTP/1.1" 200 13218 "https://webappdev.queensu.ca/phs/MPHAdminDashboard.php" "Mozilla/5.0 (Windows NT 10.0; WOW64) AppleWebKit/537.36 (KHTML, like Gecko) Chrome/56.0.2924.87 Safari/537.36"
10.217.67.9 - - [09/Mar/2017:16:41:14 -0500] "POST /phs/MPHAdminDashboard.php HTTP/1.1" 200 13742 "https://webappdev.queensu.ca/phs/MPHAdminDashboard.php" "Mozilla/5.0 (Windows NT 10.0; WOW64) AppleWebKit/537.36 (KHTML, like Gecko) Chrome/56.0.2924.87 Safari/537.36"
10.217.67.9 - - [09/Mar/2017:16:41:31 -0500] "POST /phs/MPHAdminDashboard.php HTTP/1.1" 200 14059 "https://webappdev.queensu.ca/phs/MPHAdminDashboard.php" "Mozilla/5.0 (Windows NT 10.0; WOW64) AppleWebKit/537.36 (KHTML, like Gecko) Chrome/56.0.2924.87 Safari/537.36"
10.217.67.9 - - [09/Mar/2017:16:41:38 -0500] "POST /phs/MPHAdminDashboard.php HTTP/1.1" 200 15167 "https://webappdev.queensu.ca/phs/MPHAdminDashboard.php" "Mozilla/5.0 (Windows NT 10.0; WOW64) AppleWebKit/537.36 (KHTML, like Gecko) Chrome/56.0.2924.87 Safari/537.36"
10.217.108.49 - - [09/Mar/2017:16:41:42 -0500] "GET /phs/StudentSearch.php HTTP/1.1" 500 2398 "-" "Mozilla/5.0 (Macintosh; Intel Mac OS X 10_11_6) AppleWebKit/602.1.50 (KHTML, like Gecko) Version/10.0 Safari/602.1.50"
10.217.67.9 - - [09/Mar/2017:16:43:28 -0500] "GET /phs/index.php? HTTP/1.1" 200 3116 "https://webappdev.queensu.ca/phs/MPHAdminDashboard.php" "Mozilla/5.0 (Windows NT 10.0; WOW64) AppleWebKit/537.36 (KHTML, like Gecko) Chrome/56.0.2924.87 Safari/537.36"
10.217.67.9 - - [09/Mar/2017:16:43:43 -0500] "GET /phs/ HTTP/1.1" 200 3116 "https://idptest.queensu.ca/idp/profile/SAML2/Redirect/SSO?execution=e3s2" "Mozilla/5.0 (Windows NT 10.0; WOW64) AppleWebKit/537.36 (KHTML, like Gecko) Chrome/56.0.2924.87 Safari/537.36"
10.217.108.49 - - [09/Mar/2017:16:44:24 -0500] "GET /phs/StudentSearch.php HTTP/1.1" 500 2398 "-" "Mozilla/5.0 (Macintosh; Intel Mac OS X 10_11_6) AppleWebKit/602.1.50 (KHTML, like Gecko) Version/10.0 Safari/602.1.50"
10.217.67.9 - - [09/Mar/2017:16:44:50 -0500] "POST /phs/ HTTP/1.1" 302 3105 "https://webappdev.queensu.ca/phs/" "Mozilla/5.0 (Windows NT 10.0; WOW64) AppleWebKit/537.36 (KHTML, like Gecko) Chrome/56.0.2924.87 Safari/537.36"
10.217.67.9 - - [09/Mar/2017:16:44:50 -0500] "GET /phs/MPHAdminDashboard.php HTTP/1.1" 200 12754 "https://webappdev.queensu.ca/phs/" "Mozilla/5.0 (Windows NT 10.0; WOW64) AppleWebKit/537.36 (KHTML, like Gecko) Chrome/56.0.2924.87 Safari/537.36"
10.217.67.9 - - [09/Mar/2017:16:44:56 -0500] "GET /phs/index.php? HTTP/1.1" 200 3116 "https://webappdev.queensu.ca/phs/MPHAdminDashboard.php" "Mozilla/5.0 (Windows NT 10.0; WOW64) AppleWebKit/537.36 (KHTML, like Gecko) Chrome/56.0.2924.87 Safari/537.36"
10.217.108.49 - - [09/Mar/2017:16:45:33 -0500] "GET /phs/StudentSearch.php HTTP/1.1" 500 2398 "-" "Mozilla/5.0 (Macintosh; Intel Mac OS X 10_11_6) AppleWebKit/602.1.50 (KHTML, like Gecko) Version/10.0 Safari/602.1.50"
10.217.108.49 - - [09/Mar/2017:16:45:38 -0500] "GET /phs/ HTTP/1.1" 302 3106 "-" "Mozilla/5.0 (Macintosh; Intel Mac OS X 10_11_6) AppleWebKit/602.1.50 (KHTML, like Gecko) Version/10.0 Safari/602.1.50"
10.217.108.49 - - [09/Mar/2017:16:45:38 -0500] "GET /phs/studentFirstLogin.php HTTP/1.1" 200 1973 "-" "Mozilla/5.0 (Macintosh; Intel Mac OS X 10_11_6) AppleWebKit/602.1.50 (KHTML, like Gecko) Version/10.0 Safari/602.1.50"
10.217.108.49 - - [09/Mar/2017:16:45:42 -0500] "GET /phs/profileMPH.php HTTP/1.1" 200 3870 "https://webappdev.queensu.ca/phs/studentFirstLogin.php" "Mozilla/5.0 (Macintosh; Intel Mac OS X 10_11_6) AppleWebKit/602.1.50 (KHTML, like Gecko) Version/10.0 Safari/602.1.50"
10.217.108.49 - - [09/Mar/2017:16:45:48 -0500] "GET /phs/profileMSCB.php HTTP/1.1" 200 4498 "https://webappdev.queensu.ca/phs/profileMPH.php" "Mozilla/5.0 (Macintosh; Intel Mac OS X 10_11_6) AppleWebKit/602.1.50 (KHTML, like Gecko) Version/10.0 Safari/602.1.50"
10.217.67.9 - - [09/Mar/2017:16:45:52 -0500] "GET /phs/ HTTP/1.1" 200 3116 "https://idptest.queensu.ca/idp/profile/SAML2/Redirect/SSO?execution=e5s2" "Mozilla/5.0 (Windows NT 10.0; WOW64) AppleWebKit/537.36 (KHTML, like Gecko) Chrome/56.0.2924.87 Safari/537.36"
10.217.108.49 - - [09/Mar/2017:16:45:55 -0500] "GET /phs/profileMPH.php HTTP/1.1" 200 3870 "https://webappdev.queensu.ca/phs/profileMSCB.php" "Mozilla/5.0 (Macintosh; Intel Mac OS X 10_11_6) AppleWebKit/602.1.50 (KHTML, like Gecko) Version/10.0 Safari/602.1.50"
10.217.108.49 - - [09/Mar/2017:16:46:21 -0500] "POST /phs/profileMPH.php HTTP/1.1" 302 3870 "https://webappdev.queensu.ca/phs/profileMPH.php" "Mozilla/5.0 (Macintosh; Intel Mac OS X 10_11_6) AppleWebKit/602.1.50 (KHTML, like Gecko) Version/10.0 Safari/602.1.50"
10.217.108.49 - - [09/Mar/2017:16:46:21 -0500] "GET /phs/StudentSearch.php HTTP/1.1" 500 2398 "https://webappdev.queensu.ca/phs/profileMPH.php" "Mozilla/5.0 (Macintosh; Intel Mac OS X 10_11_6) AppleWebKit/602.1.50 (KHTML, like Gecko) Version/10.0 Safari/602.1.50"
10.217.67.9 - - [09/Mar/2017:16:46:25 -0500] "POST /phs/ HTTP/1.1" 302 3105 "https://webappdev.queensu.ca/phs/" "Mozilla/5.0 (Windows NT 10.0; WOW64) AppleWebKit/537.36 (KHTML, like Gecko) Chrome/56.0.2924.87 Safari/537.36"
10.217.67.9 - - [09/Mar/2017:16:46:25 -0500] "GET /phs/MPHAdminDashboard.php HTTP/1.1" 200 12754 "https://webappdev.queensu.ca/phs/" "Mozilla/5.0 (Windows NT 10.0; WOW64) AppleWebKit/537.36 (KHTML, like Gecko) Chrome/56.0.2924.87 Safari/537.36"
10.217.108.49 - - [09/Mar/2017:16:46:35 -0500] "POST /phs/StudentSearch.php HTTP/1.1" 200 3779 "https://webappdev.queensu.ca/phs/StudentSearch.php" "Mozilla/5.0 (Macintosh; Intel Mac OS X 10_11_6) AppleWebKit/602.1.50 (KHTML, like Gecko) Version/10.0 Safari/602.1.50"
10.217.67.9 - - [09/Mar/2017:16:46:42 -0500] "POST /phs/MPHAdminDashboard.php HTTP/1.1" 200 14284 "https://webappdev.queensu.ca/phs/MPHAdminDashboard.php" "Mozilla/5.0 (Windows NT 10.0; WOW64) AppleWebKit/537.36 (KHTML, like Gecko) Chrome/56.0.2924.87 Safari/537.36"
10.217.108.49 - - [09/Mar/2017:16:46:49 -0500] "POST /phs/StudentSearch.php HTTP/1.1" 200 3032 "https://webappdev.queensu.ca/phs/StudentSearch.php" "Mozilla/5.0 (Macintosh; Intel Mac OS X 10_11_6) AppleWebKit/602.1.50 (KHTML, like Gecko) Version/10.0 Safari/602.1.50"
10.217.108.49 - - [09/Mar/2017:16:46:56 -0500] "POST /phs/StudentSearch.php HTTP/1.1" 200 2703 "https://webappdev.queensu.ca/phs/StudentSearch.php" "Mozilla/5.0 (Macintosh; Intel Mac OS X 10_11_6) AppleWebKit/602.1.50 (KHTML, like Gecko) Version/10.0 Safari/602.1.50"
10.217.67.9 - - [09/Mar/2017:16:47:02 -0500] "POST /phs/MPHAdminDashboard.php HTTP/1.1" 200 13413 "https://webappdev.queensu.ca/phs/MPHAdminDashboard.php" "Mozilla/5.0 (Windows NT 10.0; WOW64) AppleWebKit/537.36 (KHTML, like Gecko) Chrome/56.0.2924.87 Safari/537.36"
10.217.108.49 - - [09/Mar/2017:16:47:04 -0500] "POST /phs/StudentSearch.php HTTP/1.1" 200 2801 "https://webappdev.queensu.ca/phs/StudentSearch.php" "Mozilla/5.0 (Macintosh; Intel Mac OS X 10_11_6) AppleWebKit/602.1.50 (KHTML, like Gecko) Version/10.0 Safari/602.1.50"
10.217.67.9 - - [09/Mar/2017:16:47:09 -0500] "POST /phs/MPHAdminDashboard.php HTTP/1.1" 200 14032 "https://webappdev.queensu.ca/phs/MPHAdminDashboard.php" "Mozilla/5.0 (Windows NT 10.0; WOW64) AppleWebKit/537.36 (KHTML, like Gecko) Chrome/56.0.2924.87 Safari/537.36"
10.217.108.49 - - [09/Mar/2017:16:47:11 -0500] "POST /phs/StudentSearch.php HTTP/1.1" 200 2846 "https://webappdev.queensu.ca/phs/StudentSearch.php" "Mozilla/5.0 (Macintosh; Intel Mac OS X 10_11_6) AppleWebKit/602.1.50 (KHTML, like Gecko) Version/10.0 Safari/602.1.50"
10.217.108.49 - - [09/Mar/2017:16:47:18 -0500] "POST /phs/StudentSearch.php HTTP/1.1" 200 2846 "https://webappdev.queensu.ca/phs/StudentSearch.php" "Mozilla/5.0 (Macintosh; Intel Mac OS X 10_11_6) AppleWebKit/602.1.50 (KHTML, like Gecko) Version/10.0 Safari/602.1.50"
10.217.108.49 - - [09/Mar/2017:16:47:21 -0500] "POST /phs/StudentSearch.php HTTP/1.1" 200 3779 "https://webappdev.queensu.ca/phs/StudentSearch.php" "Mozilla/5.0 (Macintosh; Intel Mac OS X 10_11_6) AppleWebKit/602.1.50 (KHTML, like Gecko) Version/10.0 Safari/602.1.50"
10.217.67.9 - - [09/Mar/2017:16:47:26 -0500] "POST /phs/MPHAdminDashboard.php HTTP/1.1" 200 13146 "https://webappdev.queensu.ca/phs/MPHAdminDashboard.php" "Mozilla/5.0 (Windows NT 10.0; WOW64) AppleWebKit/537.36 (KHTML, like Gecko) Chrome/56.0.2924.87 Safari/537.36"
10.217.108.49 - - [09/Mar/2017:16:47:27 -0500] "POST /phs/StudentSearch.php HTTP/1.1" 200 3779 "https://webappdev.queensu.ca/phs/StudentSearch.php" "Mozilla/5.0 (Macintosh; Intel Mac OS X 10_11_6) AppleWebKit/602.1.50 (KHTML, like Gecko) Version/10.0 Safari/602.1.50"
10.217.67.9 - - [09/Mar/2017:16:47:29 -0500] "POST /phs/MPHAdminDashboard.php HTTP/1.1" 200 13840 "https://webappdev.queensu.ca/phs/MPHAdminDashboard.php" "Mozilla/5.0 (Windows NT 10.0; WOW64) AppleWebKit/537.36 (KHTML, like Gecko) Chrome/56.0.2924.87 Safari/537.36"
10.217.67.9 - - [09/Mar/2017:16:47:36 -0500] "POST /phs/MPHAdminDashboard.php HTTP/1.1" 200 15167 "https://webappdev.queensu.ca/phs/MPHAdminDashboard.php" "Mozilla/5.0 (Windows NT 10.0; WOW64) AppleWebKit/537.36 (KHTML, like Gecko) Chrome/56.0.2924.87 Safari/537.36"
10.217.108.49 - - [09/Mar/2017:16:47:37 -0500] "POST /phs/StudentSearch.php HTTP/1.1" 200 3791 "https://webappdev.queensu.ca/phs/StudentSearch.php" "Mozilla/5.0 (Macintosh; Intel Mac OS X 10_11_6) AppleWebKit/602.1.50 (KHTML, like Gecko) Version/10.0 Safari/602.1.50"
10.217.108.49 - - [09/Mar/2017:16:47:43 -0500] "POST /phs/StudentSearch.php HTTP/1.1" 200 3156 "https://webappdev.queensu.ca/phs/StudentSearch.php" "Mozilla/5.0 (Macintosh; Intel Mac OS X 10_11_6) AppleWebKit/602.1.50 (KHTML, like Gecko) Version/10.0 Safari/602.1.50"
10.217.108.49 - - [09/Mar/2017:16:47:52 -0500] "POST /phs/StudentSearch.php HTTP/1.1" 200 2856 "https://webappdev.queensu.ca/phs/StudentSearch.php" "Mozilla/5.0 (Macintosh; Intel Mac OS X 10_11_6) AppleWebKit/602.1.50 (KHTML, like Gecko) Version/10.0 Safari/602.1.50"
10.217.108.49 - - [09/Mar/2017:16:47:57 -0500] "POST /phs/StudentSearch.php HTTP/1.1" 200 3779 "https://webappdev.queensu.ca/phs/StudentSearch.php" "Mozilla/5.0 (Macintosh; Intel Mac OS X 10_11_6) AppleWebKit/602.1.50 (KHTML, like Gecko) Version/10.0 Safari/602.1.50"
10.217.108.49 - - [09/Mar/2017:16:48:11 -0500] "POST /phs/StudentSearch.php HTTP/1.1" 200 3779 "https://webappdev.queensu.ca/phs/StudentSearch.php" "Mozilla/5.0 (Macintosh; Intel Mac OS X 10_11_6) AppleWebKit/602.1.50 (KHTML, like Gecko) Version/10.0 Safari/602.1.50"
10.217.67.9 - - [09/Mar/2017:16:48:18 -0500] "POST /phs/MPHAdminDashboard.php HTTP/1.1" 200 13317 "https://webappdev.queensu.ca/phs/MPHAdminDashboard.php" "Mozilla/5.0 (Windows NT 10.0; WOW64) AppleWebKit/537.36 (KHTML, like Gecko) Chrome/56.0.2924.87 Safari/537.36"
10.217.108.49 - - [09/Mar/2017:16:48:28 -0500] "GET /phs/ HTTP/1.1" 302 3106 "https://idptest.queensu.ca/idp/profile/SAML2/Redirect/SSO?execution=e7s2" "Mozilla/5.0 (Macintosh; Intel Mac OS X 10_11_6) AppleWebKit/602.1.50 (KHTML, like Gecko) Version/10.0 Safari/602.1.50"
10.217.108.49 - - [09/Mar/2017:16:48:28 -0500] "GET /phs/StudentSearch.php HTTP/1.1" 500 2398 "https://idptest.queensu.ca/idp/profile/SAML2/Redirect/SSO?execution=e7s2" "Mozilla/5.0 (Macintosh; Intel Mac OS X 10_11_6) AppleWebKit/602.1.50 (KHTML, like Gecko) Version/10.0 Safari/602.1.50"
10.217.67.9 - - [09/Mar/2017:16:48:32 -0500] "POST /phs/MPHAdminDashboard.php HTTP/1.1" 200 13164 "https://webappdev.queensu.ca/phs/MPHAdminDashboard.php" "Mozilla/5.0 (Windows NT 10.0; WOW64) AppleWebKit/537.36 (KHTML, like Gecko) Chrome/56.0.2924.87 Safari/537.36"
10.217.108.49 - - [09/Mar/2017:16:48:37 -0500] "POST /phs/StudentSearch.php HTTP/1.1" 200 3032 "https://webappdev.queensu.ca/phs/StudentSearch.php" "Mozilla/5.0 (Macintosh; Intel Mac OS X 10_11_6) AppleWebKit/602.1.50 (KHTML, like Gecko) Version/10.0 Safari/602.1.50"
10.217.108.49 - - [09/Mar/2017:16:48:43 -0500] "POST /phs/StudentSearch.php HTTP/1.1" 200 2825 "https://webappdev.queensu.ca/phs/StudentSearch.php" "Mozilla/5.0 (Macintosh; Intel Mac OS X 10_11_6) AppleWebKit/602.1.50 (KHTML, like Gecko) Version/10.0 Safari/602.1.50"
10.217.67.9 - - [09/Mar/2017:16:48:54 -0500] "POST /phs/MPHAdminDashboard.php HTTP/1.1" 200 13191 "https://webappdev.queensu.ca/phs/MPHAdminDashboard.php" "Mozilla/5.0 (Windows NT 10.0; WOW64) AppleWebKit/537.36 (KHTML, like Gecko) Chrome/56.0.2924.87 Safari/537.36"
10.217.67.9 - - [09/Mar/2017:16:49:15 -0500] "POST /phs/MPHAdminDashboard.php HTTP/1.1" 200 13191 "https://webappdev.queensu.ca/phs/MPHAdminDashboard.php" "Mozilla/5.0 (Windows NT 10.0; WOW64) AppleWebKit/537.36 (KHTML, like Gecko) Chrome/56.0.2924.87 Safari/537.36"
10.217.67.9 - - [09/Mar/2017:16:49:30 -0500] "GET /phs/index.php? HTTP/1.1" 200 3116 "https://webappdev.queensu.ca/phs/MPHAdminDashboard.php" "Mozilla/5.0 (Windows NT 10.0; WOW64) AppleWebKit/537.36 (KHTML, like Gecko) Chrome/56.0.2924.87 Safari/537.36"
10.217.67.9 - - [09/Mar/2017:16:49:32 -0500] "POST /phs/index.php? HTTP/1.1" 302 3105 "https://webappdev.queensu.ca/phs/index.php?" "Mozilla/5.0 (Windows NT 10.0; WOW64) AppleWebKit/537.36 (KHTML, like Gecko) Chrome/56.0.2924.87 Safari/537.36"
10.217.67.9 - - [09/Mar/2017:16:49:32 -0500] "GET /phs/MPHAdminDashboard.php HTTP/1.1" 200 12754 "https://webappdev.queensu.ca/phs/index.php?" "Mozilla/5.0 (Windows NT 10.0; WOW64) AppleWebKit/537.36 (KHTML, like Gecko) Chrome/56.0.2924.87 Safari/537.36"
10.217.67.9 - - [09/Mar/2017:16:49:43 -0500] "POST /phs/MPHAdminDashboard.php HTTP/1.1" 200 13175 "https://webappdev.queensu.ca/phs/MPHAdminDashboard.php" "Mozilla/5.0 (Windows NT 10.0; WOW64) AppleWebKit/537.36 (KHTML, like Gecko) Chrome/56.0.2924.87 Safari/537.36"
10.217.67.9 - - [09/Mar/2017:16:49:58 -0500] "GET /phs/adminCreateMPH.php HTTP/1.1" 200 3107 "https://webappdev.queensu.ca/phs/MPHAdminDashboard.php" "Mozilla/5.0 (Windows NT 10.0; WOW64) AppleWebKit/537.36 (KHTML, like Gecko) Chrome/56.0.2924.87 Safari/537.36"
10.217.67.9 - - [09/Mar/2017:16:50:02 -0500] "GET /phs/index.php? HTTP/1.1" 200 3116 "https://webappdev.queensu.ca/phs/adminCreateMPH.php" "Mozilla/5.0 (Windows NT 10.0; WOW64) AppleWebKit/537.36 (KHTML, like Gecko) Chrome/56.0.2924.87 Safari/537.36"
10.217.67.9 - - [09/Mar/2017:16:50:05 -0500] "POST /phs/index.php? HTTP/1.1" 302 3105 "https://webappdev.queensu.ca/phs/index.php?" "Mozilla/5.0 (Windows NT 10.0; WOW64) AppleWebKit/537.36 (KHTML, like Gecko) Chrome/56.0.2924.87 Safari/537.36"
10.217.67.9 - - [09/Mar/2017:16:50:06 -0500] "GET /phs/MPHAdminDashboard.php HTTP/1.1" 200 12754 "https://webappdev.queensu.ca/phs/index.php?" "Mozilla/5.0 (Windows NT 10.0; WOW64) AppleWebKit/537.36 (KHTML, like Gecko) Chrome/56.0.2924.87 Safari/537.36"
10.217.108.49 - - [09/Mar/2017:16:52:23 -0500] "GET /phs/StudentSearch.php HTTP/1.1" 500 2398 "-" "Mozilla/5.0 (Macintosh; Intel Mac OS X 10_11_6) AppleWebKit/602.1.50 (KHTML, like Gecko) Version/10.0 Safari/602.1.50"
10.217.108.49 - - [09/Mar/2017:16:52:27 -0500] "POST /phs/StudentSearch.php HTTP/1.1" 200 3779 "https://webappdev.queensu.ca/phs/StudentSearch.php" "Mozilla/5.0 (Macintosh; Intel Mac OS X 10_11_6) AppleWebKit/602.1.50 (KHTML, like Gecko) Version/10.0 Safari/602.1.50"
10.217.108.49 - - [09/Mar/2017:16:55:10 -0500] "POST /phs/StudentSearch.php HTTP/1.1" 500 2429 "https://webappdev.queensu.ca/phs/StudentSearch.php" "Mozilla/5.0 (Macintosh; Intel Mac OS X 10_11_6) AppleWebKit/602.1.50 (KHTML, like Gecko) Version/10.0 Safari/602.1.50"
10.217.108.49 - - [09/Mar/2017:16:55:41 -0500] "POST /phs/StudentSearch.php HTTP/1.1" 500 2411 "https://webappdev.queensu.ca/phs/StudentSearch.php" "Mozilla/5.0 (Macintosh; Intel Mac OS X 10_11_6) AppleWebKit/602.1.50 (KHTML, like Gecko) Version/10.0 Safari/602.1.50"
10.217.108.49 - - [09/Mar/2017:16:55:41 -0500] "GET /phs/css/global.css HTTP/1.1" 304 - "https://webappdev.queensu.ca/phs/StudentSearch.php" "Mozilla/5.0 (Macintosh; Intel Mac OS X 10_11_6) AppleWebKit/602.1.50 (KHTML, like Gecko) Version/10.0 Safari/602.1.50"
10.217.108.49 - - [09/Mar/2017:16:55:41 -0500] "GET /phs/css/adminDashboard.css HTTP/1.1" 304 - "https://webappdev.queensu.ca/phs/StudentSearch.php" "Mozilla/5.0 (Macintosh; Intel Mac OS X 10_11_6) AppleWebKit/602.1.50 (KHTML, like Gecko) Version/10.0 Safari/602.1.50"
10.217.108.49 - - [09/Mar/2017:16:55:41 -0500] "GET /phs/js/dropdownValues.js HTTP/1.1" 304 - "https://webappdev.queensu.ca/phs/StudentSearch.php" "Mozilla/5.0 (Macintosh; Intel Mac OS X 10_11_6) AppleWebKit/602.1.50 (KHTML, like Gecko) Version/10.0 Safari/602.1.50"
10.217.108.49 - - [09/Mar/2017:16:55:41 -0500] "GET /phs/Assets/banner.jpg HTTP/1.1" 304 - "https://webappdev.queensu.ca/phs/StudentSearch.php" "Mozilla/5.0 (Macintosh; Intel Mac OS X 10_11_6) AppleWebKit/602.1.50 (KHTML, like Gecko) Version/10.0 Safari/602.1.50"
10.217.108.49 - - [09/Mar/2017:16:55:48 -0500] "POST /phs/StudentSearch.php HTTP/1.1" 200 3190 "https://webappdev.queensu.ca/phs/StudentSearch.php" "Mozilla/5.0 (Macintosh; Intel Mac OS X 10_11_6) AppleWebKit/602.1.50 (KHTML, like Gecko) Version/10.0 Safari/602.1.50"
10.217.108.49 - - [09/Mar/2017:16:55:54 -0500] "POST /phs/StudentSearch.php HTTP/1.1" 200 3780 "https://webappdev.queensu.ca/phs/StudentSearch.php" "Mozilla/5.0 (Macintosh; Intel Mac OS X 10_11_6) AppleWebKit/602.1.50 (KHTML, like Gecko) Version/10.0 Safari/602.1.50"
10.217.108.49 - - [09/Mar/2017:16:55:57 -0500] "POST /phs/StudentSearch.php HTTP/1.1" 200 3451 "https://webappdev.queensu.ca/phs/StudentSearch.php" "Mozilla/5.0 (Macintosh; Intel Mac OS X 10_11_6) AppleWebKit/602.1.50 (KHTML, like Gecko) Version/10.0 Safari/602.1.50"
10.217.108.49 - - [09/Mar/2017:16:56:04 -0500] "POST /phs/StudentSearch.php HTTP/1.1" 200 3780 "https://webappdev.queensu.ca/phs/StudentSearch.php" "Mozilla/5.0 (Macintosh; Intel Mac OS X 10_11_6) AppleWebKit/602.1.50 (KHTML, like Gecko) Version/10.0 Safari/602.1.50"
10.217.108.49 - - [09/Mar/2017:17:01:11 -0500] "POST /phs/StudentSearch.php HTTP/1.1" 200 3780 "https://webappdev.queensu.ca/phs/StudentSearch.php" "Mozilla/5.0 (Macintosh; Intel Mac OS X 10_11_6) AppleWebKit/602.1.50 (KHTML, like Gecko) Version/10.0 Safari/602.1.50"
10.217.108.49 - - [09/Mar/2017:17:01:12 -0500] "GET /phs/css/global.css HTTP/1.1" 304 - "https://webappdev.queensu.ca/phs/StudentSearch.php" "Mozilla/5.0 (Macintosh; Intel Mac OS X 10_11_6) AppleWebKit/602.1.50 (KHTML, like Gecko) Version/10.0 Safari/602.1.50"
10.217.108.49 - - [09/Mar/2017:17:01:12 -0500] "GET /phs/css/adminDashboard.css HTTP/1.1" 304 - "https://webappdev.queensu.ca/phs/StudentSearch.php" "Mozilla/5.0 (Macintosh; Intel Mac OS X 10_11_6) AppleWebKit/602.1.50 (KHTML, like Gecko) Version/10.0 Safari/602.1.50"
10.217.108.49 - - [09/Mar/2017:17:01:12 -0500] "GET /phs/js/dropdownValues.js HTTP/1.1" 304 - "https://webappdev.queensu.ca/phs/StudentSearch.php" "Mozilla/5.0 (Macintosh; Intel Mac OS X 10_11_6) AppleWebKit/602.1.50 (KHTML, like Gecko) Version/10.0 Safari/602.1.50"
10.217.108.49 - - [09/Mar/2017:17:01:12 -0500] "GET /phs/Assets/banner.jpg HTTP/1.1" 304 - "https://webappdev.queensu.ca/phs/StudentSearch.php" "Mozilla/5.0 (Macintosh; Intel Mac OS X 10_11_6) AppleWebKit/602.1.50 (KHTML, like Gecko) Version/10.0 Safari/602.1.50"
10.217.108.49 - - [09/Mar/2017:17:01:21 -0500] "POST /phs/StudentSearch.php HTTP/1.1" 500 2432 "https://webappdev.queensu.ca/phs/StudentSearch.php" "Mozilla/5.0 (Macintosh; Intel Mac OS X 10_11_6) AppleWebKit/602.1.50 (KHTML, like Gecko) Version/10.0 Safari/602.1.50"
10.217.108.49 - - [09/Mar/2017:17:02:30 -0500] "POST /phs/StudentSearch.php HTTP/1.1" 500 2610 "https://webappdev.queensu.ca/phs/StudentSearch.php" "Mozilla/5.0 (Macintosh; Intel Mac OS X 10_11_6) AppleWebKit/602.1.50 (KHTML, like Gecko) Version/10.0 Safari/602.1.50"
10.217.108.49 - - [09/Mar/2017:17:04:47 -0500] "POST /phs/StudentSearch.php HTTP/1.1" 200 3679 "https://webappdev.queensu.ca/phs/StudentSearch.php" "Mozilla/5.0 (Macintosh; Intel Mac OS X 10_11_6) AppleWebKit/602.1.50 (KHTML, like Gecko) Version/10.0 Safari/602.1.50"
10.217.108.49 - - [09/Mar/2017:17:04:48 -0500] "GET /phs/js/dropdownValues.js HTTP/1.1" 304 - "https://webappdev.queensu.ca/phs/StudentSearch.php" "Mozilla/5.0 (Macintosh; Intel Mac OS X 10_11_6) AppleWebKit/602.1.50 (KHTML, like Gecko) Version/10.0 Safari/602.1.50"
10.217.108.49 - - [09/Mar/2017:17:04:48 -0500] "GET /phs/css/adminDashboard.css HTTP/1.1" 304 - "https://webappdev.queensu.ca/phs/StudentSearch.php" "Mozilla/5.0 (Macintosh; Intel Mac OS X 10_11_6) AppleWebKit/602.1.50 (KHTML, like Gecko) Version/10.0 Safari/602.1.50"
10.217.108.49 - - [09/Mar/2017:17:04:48 -0500] "GET /phs/css/global.css HTTP/1.1" 304 - "https://webappdev.queensu.ca/phs/StudentSearch.php" "Mozilla/5.0 (Macintosh; Intel Mac OS X 10_11_6) AppleWebKit/602.1.50 (KHTML, like Gecko) Version/10.0 Safari/602.1.50"
10.217.108.49 - - [09/Mar/2017:17:04:48 -0500] "GET /phs/Assets/banner.jpg HTTP/1.1" 304 - "https://webappdev.queensu.ca/phs/StudentSearch.php" "Mozilla/5.0 (Macintosh; Intel Mac OS X 10_11_6) AppleWebKit/602.1.50 (KHTML, like Gecko) Version/10.0 Safari/602.1.50"
10.217.108.49 - - [09/Mar/2017:17:13:17 -0500] "GET /phs/StudentSearch.php HTTP/1.1" 500 2399 "-" "Mozilla/5.0 (Macintosh; Intel Mac OS X 10_11_6) AppleWebKit/602.1.50 (KHTML, like Gecko) Version/10.0 Safari/602.1.50"
10.217.108.49 - - [09/Mar/2017:17:13:24 -0500] "GET /phs/ HTTP/1.1" 302 3106 "-" "Mozilla/5.0 (Macintosh; Intel Mac OS X 10_11_6) AppleWebKit/602.1.50 (KHTML, like Gecko) Version/10.0 Safari/602.1.50"
10.217.108.49 - - [09/Mar/2017:17:13:24 -0500] "GET /phs/studentFirstLogin.php HTTP/1.1" 200 1973 "-" "Mozilla/5.0 (Macintosh; Intel Mac OS X 10_11_6) AppleWebKit/602.1.50 (KHTML, like Gecko) Version/10.0 Safari/602.1.50"
10.217.108.49 - - [09/Mar/2017:17:13:26 -0500] "GET /phs/profileMPH.php HTTP/1.1" 200 3546 "https://webappdev.queensu.ca/phs/studentFirstLogin.php" "Mozilla/5.0 (Macintosh; Intel Mac OS X 10_11_6) AppleWebKit/602.1.50 (KHTML, like Gecko) Version/10.0 Safari/602.1.50"
10.217.108.49 - - [09/Mar/2017:17:13:38 -0500] "POST /phs/profileMPH.php HTTP/1.1" 302 3546 "https://webappdev.queensu.ca/phs/profileMPH.php" "Mozilla/5.0 (Macintosh; Intel Mac OS X 10_11_6) AppleWebKit/602.1.50 (KHTML, like Gecko) Version/10.0 Safari/602.1.50"
10.217.108.49 - - [09/Mar/2017:17:13:39 -0500] "GET /phs/StudentSearch.php HTTP/1.1" 500 2399 "https://webappdev.queensu.ca/phs/profileMPH.php" "Mozilla/5.0 (Macintosh; Intel Mac OS X 10_11_6) AppleWebKit/602.1.50 (KHTML, like Gecko) Version/10.0 Safari/602.1.50"
10.217.108.49 - - [09/Mar/2017:17:13:51 -0500] "POST /phs/StudentSearch.php HTTP/1.1" 200 3882 "https://webappdev.queensu.ca/phs/StudentSearch.php" "Mozilla/5.0 (Macintosh; Intel Mac OS X 10_11_6) AppleWebKit/602.1.50 (KHTML, like Gecko) Version/10.0 Safari/602.1.50"
10.217.108.49 - - [09/Mar/2017:17:14:42 -0500] "POST /phs/StudentSearch.php HTTP/1.1" 200 3780 "https://webappdev.queensu.ca/phs/StudentSearch.php" "Mozilla/5.0 (Macintosh; Intel Mac OS X 10_11_6) AppleWebKit/602.1.50 (KHTML, like Gecko) Version/10.0 Safari/602.1.50"
10.217.108.49 - - [09/Mar/2017:17:14:42 -0500] "GET /phs/js/dropdownValues.js HTTP/1.1" 304 - "https://webappdev.queensu.ca/phs/profileMPH.php" "Mozilla/5.0 (Macintosh; Intel Mac OS X 10_11_6) AppleWebKit/602.1.50 (KHTML, like Gecko) Version/10.0 Safari/602.1.50"
10.217.108.49 - - [09/Mar/2017:17:14:42 -0500] "GET /phs/css/adminDashboard.css HTTP/1.1" 304 - "https://webappdev.queensu.ca/phs/StudentSearch.php" "Mozilla/5.0 (Macintosh; Intel Mac OS X 10_11_6) AppleWebKit/602.1.50 (KHTML, like Gecko) Version/10.0 Safari/602.1.50"
10.217.108.49 - - [09/Mar/2017:17:14:42 -0500] "GET /phs/css/global.css HTTP/1.1" 304 - "https://webappdev.queensu.ca/phs/studentFirstLogin.php" "Mozilla/5.0 (Macintosh; Intel Mac OS X 10_11_6) AppleWebKit/602.1.50 (KHTML, like Gecko) Version/10.0 Safari/602.1.50"
10.217.108.49 - - [09/Mar/2017:17:14:43 -0500] "GET /phs/Assets/banner.jpg HTTP/1.1" 304 - "https://webappdev.queensu.ca/phs/studentFirstLogin.php" "Mozilla/5.0 (Macintosh; Intel Mac OS X 10_11_6) AppleWebKit/602.1.50 (KHTML, like Gecko) Version/10.0 Safari/602.1.50"
10.217.108.49 - - [09/Mar/2017:17:14:51 -0500] "POST /phs/StudentSearch.php HTTP/1.1" 200 3487 "https://webappdev.queensu.ca/phs/StudentSearch.php" "Mozilla/5.0 (Macintosh; Intel Mac OS X 10_11_6) AppleWebKit/602.1.50 (KHTML, like Gecko) Version/10.0 Safari/602.1.50"
10.217.108.49 - - [09/Mar/2017:17:15:05 -0500] "POST /phs/StudentSearch.php HTTP/1.1" 200 3780 "https://webappdev.queensu.ca/phs/StudentSearch.php" "Mozilla/5.0 (Macintosh; Intel Mac OS X 10_11_6) AppleWebKit/602.1.50 (KHTML, like Gecko) Version/10.0 Safari/602.1.50"
10.217.108.49 - - [10/Mar/2017:08:56:31 -0500] "GET /phs/StudentSearch.php HTTP/1.1" 500 2399 "https://idptest.queensu.ca/idp/profile/SAML2/Redirect/SSO?execution=e1s3" "Mozilla/5.0 (Macintosh; Intel Mac OS X 10_11_6) AppleWebKit/602.1.50 (KHTML, like Gecko) Version/10.0 Safari/602.1.50"
10.217.108.49 - - [10/Mar/2017:08:56:41 -0500] "POST /phs/StudentSearch.php HTTP/1.1" 200 3780 "https://webappdev.queensu.ca/phs/StudentSearch.php" "Mozilla/5.0 (Macintosh; Intel Mac OS X 10_11_6) AppleWebKit/602.1.50 (KHTML, like Gecko) Version/10.0 Safari/602.1.50"
10.217.108.49 - - [10/Mar/2017:08:59:28 -0500] "GET /phs/StudentSearch.php HTTP/1.1" 500 2399 "-" "Mozilla/5.0 (Macintosh; Intel Mac OS X 10_11_6) AppleWebKit/602.1.50 (KHTML, like Gecko) Version/10.0 Safari/602.1.50"
10.217.108.49 - - [10/Mar/2017:08:59:33 -0500] "GET /phs/ HTTP/1.1" 302 3106 "-" "Mozilla/5.0 (Macintosh; Intel Mac OS X 10_11_6) AppleWebKit/602.1.50 (KHTML, like Gecko) Version/10.0 Safari/602.1.50"
10.217.108.49 - - [10/Mar/2017:08:59:33 -0500] "GET /phs/StudentSearch.php HTTP/1.1" 500 2399 "-" "Mozilla/5.0 (Macintosh; Intel Mac OS X 10_11_6) AppleWebKit/602.1.50 (KHTML, like Gecko) Version/10.0 Safari/602.1.50"
10.217.108.49 - - [10/Mar/2017:09:00:21 -0500] "GET /phs/StudentSearch.php HTTP/1.1" 500 2399 "-" "Mozilla/5.0 (Macintosh; Intel Mac OS X 10_11_6) AppleWebKit/602.1.50 (KHTML, like Gecko) Version/10.0 Safari/602.1.50"
10.217.67.9 - - [10/Mar/2017:09:56:51 -0500] "GET /phs/ HTTP/1.1" 200 3116 "-" "Mozilla/5.0 (Windows NT 10.0; WOW64) AppleWebKit/537.36 (KHTML, like Gecko) Chrome/56.0.2924.87 Safari/537.36"
10.217.67.9 - - [10/Mar/2017:09:56:51 -0500] "GET /phs/ HTTP/1.1" 200 3116 "-" "Mozilla/5.0 (Windows NT 10.0; WOW64) AppleWebKit/537.36 (KHTML, like Gecko) Chrome/56.0.2924.87 Safari/537.36"
10.217.67.9 - - [10/Mar/2017:09:56:51 -0500] "GET /phs/css/Index.css HTTP/1.1" 200 90 "https://webappdev.queensu.ca/phs/" "Mozilla/5.0 (Windows NT 10.0; WOW64) AppleWebKit/537.36 (KHTML, like Gecko) Chrome/56.0.2924.87 Safari/537.36"
10.217.67.9 - - [10/Mar/2017:09:56:51 -0500] "GET /phs/Assets/banner.jpg HTTP/1.1" 200 34230 "https://webappdev.queensu.ca/phs/" "Mozilla/5.0 (Windows NT 10.0; WOW64) AppleWebKit/537.36 (KHTML, like Gecko) Chrome/56.0.2924.87 Safari/537.36"
10.217.67.9 - - [10/Mar/2017:10:24:31 -0500] "GET /phs/ HTTP/1.1" 200 3116 "https://idptest.queensu.ca/idp/profile/SAML2/Redirect/SSO?execution=e5s2" "Mozilla/5.0 (Windows NT 10.0; WOW64) AppleWebKit/537.36 (KHTML, like Gecko) Chrome/56.0.2924.87 Safari/537.36"
10.217.67.9 - - [10/Mar/2017:10:25:56 -0500] "POST /phs/ HTTP/1.1" 302 3105 "https://webappdev.queensu.ca/phs/" "Mozilla/5.0 (Windows NT 10.0; WOW64) AppleWebKit/537.36 (KHTML, like Gecko) Chrome/56.0.2924.87 Safari/537.36"
10.217.67.9 - - [10/Mar/2017:10:25:56 -0500] "GET /phs/MPHAdminDashboard.php HTTP/1.1" 200 12754 "https://webappdev.queensu.ca/phs/" "Mozilla/5.0 (Windows NT 10.0; WOW64) AppleWebKit/537.36 (KHTML, like Gecko) Chrome/56.0.2924.87 Safari/537.36"
10.217.67.9 - - [10/Mar/2017:10:25:56 -0500] "GET /phs/js/dropdownValues.js HTTP/1.1" 200 141 "https://webappdev.queensu.ca/phs/MPHAdminDashboard.php" "Mozilla/5.0 (Windows NT 10.0; WOW64) AppleWebKit/537.36 (KHTML, like Gecko) Chrome/56.0.2924.87 Safari/537.36"
10.217.67.9 - - [10/Mar/2017:10:26:27 -0500] "POST /phs/MPHAdminDashboard.php HTTP/1.1" 200 14059 "https://webappdev.queensu.ca/phs/MPHAdminDashboard.php" "Mozilla/5.0 (Windows NT 10.0; WOW64) AppleWebKit/537.36 (KHTML, like Gecko) Chrome/56.0.2924.87 Safari/537.36"
10.217.67.9 - - [10/Mar/2017:10:26:41 -0500] "POST /phs/MPHAdminDashboard.php HTTP/1.1" 200 13456 "https://webappdev.queensu.ca/phs/MPHAdminDashboard.php" "Mozilla/5.0 (Windows NT 10.0; WOW64) AppleWebKit/537.36 (KHTML, like Gecko) Chrome/56.0.2924.87 Safari/537.36"
10.217.67.9 - - [10/Mar/2017:10:26:51 -0500] "POST /phs/MPHAdminDashboard.php HTTP/1.1" 200 13840 "https://webappdev.queensu.ca/phs/MPHAdminDashboard.php" "Mozilla/5.0 (Windows NT 10.0; WOW64) AppleWebKit/537.36 (KHTML, like Gecko) Chrome/56.0.2924.87 Safari/537.36"
10.217.67.9 - - [10/Mar/2017:10:27:02 -0500] "POST /phs/MPHAdminDashboard.php HTTP/1.1" 200 15167 "https://webappdev.queensu.ca/phs/MPHAdminDashboard.php" "Mozilla/5.0 (Windows NT 10.0; WOW64) AppleWebKit/537.36 (KHTML, like Gecko) Chrome/56.0.2924.87 Safari/537.36"
10.217.67.9 - - [10/Mar/2017:10:27:20 -0500] "POST /phs/MPHAdminDashboard.php HTTP/1.1" 200 14178 "https://webappdev.queensu.ca/phs/MPHAdminDashboard.php" "Mozilla/5.0 (Windows NT 10.0; WOW64) AppleWebKit/537.36 (KHTML, like Gecko) Chrome/56.0.2924.87 Safari/537.36"
10.217.67.9 - - [10/Mar/2017:10:27:48 -0500] "POST /phs/MPHAdminDashboard.php HTTP/1.1" 200 13286 "https://webappdev.queensu.ca/phs/MPHAdminDashboard.php" "Mozilla/5.0 (Windows NT 10.0; WOW64) AppleWebKit/537.36 (KHTML, like Gecko) Chrome/56.0.2924.87 Safari/537.36"
10.217.67.9 - - [10/Mar/2017:10:28:00 -0500] "POST /phs/MPHAdminDashboard.php HTTP/1.1" 200 13114 "https://webappdev.queensu.ca/phs/MPHAdminDashboard.php" "Mozilla/5.0 (Windows NT 10.0; WOW64) AppleWebKit/537.36 (KHTML, like Gecko) Chrome/56.0.2924.87 Safari/537.36"
10.217.67.9 - - [10/Mar/2017:10:28:16 -0500] "POST /phs/MPHAdminDashboard.php HTTP/1.1" 200 13484 "https://webappdev.queensu.ca/phs/MPHAdminDashboard.php" "Mozilla/5.0 (Windows NT 10.0; WOW64) AppleWebKit/537.36 (KHTML, like Gecko) Chrome/56.0.2924.87 Safari/537.36"
10.217.67.9 - - [10/Mar/2017:10:28:27 -0500] "POST /phs/MPHAdminDashboard.php HTTP/1.1" 200 13345 "https://webappdev.queensu.ca/phs/MPHAdminDashboard.php" "Mozilla/5.0 (Windows NT 10.0; WOW64) AppleWebKit/537.36 (KHTML, like Gecko) Chrome/56.0.2924.87 Safari/537.36"
10.217.67.9 - - [10/Mar/2017:10:30:08 -0500] "GET /phs/ HTTP/1.1" 302 3106 "https://idptest.queensu.ca/idp/profile/SAML2/Redirect/SSO?execution=e7s2" "Mozilla/5.0 (Windows NT 10.0; WOW64) AppleWebKit/537.36 (KHTML, like Gecko) Chrome/56.0.2924.87 Safari/537.36"
10.217.67.9 - - [10/Mar/2017:10:30:08 -0500] "GET /phs/studentFirstLogin.php HTTP/1.1" 200 1973 "https://idptest.queensu.ca/idp/profile/SAML2/Redirect/SSO?execution=e7s2" "Mozilla/5.0 (Windows NT 10.0; WOW64) AppleWebKit/537.36 (KHTML, like Gecko) Chrome/56.0.2924.87 Safari/537.36"
10.217.67.9 - - [10/Mar/2017:10:30:16 -0500] "GET /phs/profileMPH.php HTTP/1.1" 200 3546 "https://webappdev.queensu.ca/phs/studentFirstLogin.php" "Mozilla/5.0 (Windows NT 10.0; WOW64) AppleWebKit/537.36 (KHTML, like Gecko) Chrome/56.0.2924.87 Safari/537.36"
10.217.67.9 - - [10/Mar/2017:10:30:59 -0500] "POST /phs/profileMPH.php HTTP/1.1" 302 3546 "https://webappdev.queensu.ca/phs/profileMPH.php" "Mozilla/5.0 (Windows NT 10.0; WOW64) AppleWebKit/537.36 (KHTML, like Gecko) Chrome/56.0.2924.87 Safari/537.36"
10.217.67.9 - - [10/Mar/2017:10:30:59 -0500] "GET /phs/StudentSearch.php HTTP/1.1" 500 2399 "https://webappdev.queensu.ca/phs/profileMPH.php" "Mozilla/5.0 (Windows NT 10.0; WOW64) AppleWebKit/537.36 (KHTML, like Gecko) Chrome/56.0.2924.87 Safari/537.36"
10.217.67.9 - - [10/Mar/2017:10:31:25 -0500] "POST /phs/StudentSearch.php HTTP/1.1" 200 3780 "https://webappdev.queensu.ca/phs/StudentSearch.php" "Mozilla/5.0 (Windows NT 10.0; WOW64) AppleWebKit/537.36 (KHTML, like Gecko) Chrome/56.0.2924.87 Safari/537.36"
10.217.67.9 - - [10/Mar/2017:10:33:01 -0500] "POST /phs/StudentSearch.php HTTP/1.1" 200 3182 "https://webappdev.queensu.ca/phs/StudentSearch.php" "Mozilla/5.0 (Windows NT 10.0; WOW64) AppleWebKit/537.36 (KHTML, like Gecko) Chrome/56.0.2924.87 Safari/537.36"
10.217.67.9 - - [10/Mar/2017:10:33:21 -0500] "POST /phs/StudentSearch.php HTTP/1.1" 200 3780 "https://webappdev.queensu.ca/phs/StudentSearch.php" "Mozilla/5.0 (Windows NT 10.0; WOW64) AppleWebKit/537.36 (KHTML, like Gecko) Chrome/56.0.2924.87 Safari/537.36"
10.217.67.9 - - [10/Mar/2017:10:33:35 -0500] "POST /phs/StudentSearch.php HTTP/1.1" 200 3487 "https://webappdev.queensu.ca/phs/StudentSearch.php" "Mozilla/5.0 (Windows NT 10.0; WOW64) AppleWebKit/537.36 (KHTML, like Gecko) Chrome/56.0.2924.87 Safari/537.36"
10.217.67.9 - - [10/Mar/2017:10:34:50 -0500] "GET /phs/ HTTP/1.1" 302 3106 "https://idptest.queensu.ca/idp/profile/SAML2/Redirect/SSO?execution=e9s2" "Mozilla/5.0 (Windows NT 10.0; WOW64) AppleWebKit/537.36 (KHTML, like Gecko) Chrome/56.0.2924.87 Safari/537.36"
10.217.67.9 - - [10/Mar/2017:10:34:50 -0500] "GET /phs/StudentSearch.php HTTP/1.1" 500 2399 "https://idptest.queensu.ca/idp/profile/SAML2/Redirect/SSO?execution=e9s2" "Mozilla/5.0 (Windows NT 10.0; WOW64) AppleWebKit/537.36 (KHTML, like Gecko) Chrome/56.0.2924.87 Safari/537.36"
10.217.67.9 - - [10/Mar/2017:13:46:38 -0500] "GET /phs/ HTTP/1.1" 200 3116 "https://idptest.queensu.ca/idp/profile/SAML2/Redirect/SSO;jsessionid=4807E780800FE8B1DBBE406A2574A4E7?execution=e1s3" "Mozilla/5.0 (Windows NT 10.0; WOW64) AppleWebKit/537.36 (KHTML, like Gecko) Chrome/56.0.2924.87 Safari/537.36"
10.217.67.9 - - [10/Mar/2017:13:49:43 -0500] "GET /phs/ HTTP/1.1" 200 3116 "-" "Mozilla/5.0 (Windows NT 10.0; WOW64) AppleWebKit/537.36 (KHTML, like Gecko) Chrome/56.0.2924.87 Safari/537.36"
10.217.67.9 - - [10/Mar/2017:13:49:46 -0500] "POST /phs/ HTTP/1.1" 302 3105 "https://webappdev.queensu.ca/phs/" "Mozilla/5.0 (Windows NT 10.0; WOW64) AppleWebKit/537.36 (KHTML, like Gecko) Chrome/56.0.2924.87 Safari/537.36"
10.217.67.9 - - [10/Mar/2017:13:49:46 -0500] "GET /phs/MPHAdminDashboard.php HTTP/1.1" 200 12782 "https://webappdev.queensu.ca/phs/" "Mozilla/5.0 (Windows NT 10.0; WOW64) AppleWebKit/537.36 (KHTML, like Gecko) Chrome/56.0.2924.87 Safari/537.36"
10.217.67.9 - - [10/Mar/2017:13:49:50 -0500] "GET /phs/adminCreateMPH HTTP/1.1" 404 216 "https://webappdev.queensu.ca/phs/MPHAdminDashboard.php" "Mozilla/5.0 (Windows NT 10.0; WOW64) AppleWebKit/537.36 (KHTML, like Gecko) Chrome/56.0.2924.87 Safari/537.36"
10.217.67.9 - - [10/Mar/2017:13:50:27 -0500] "GET /phs/adminCreateMPH HTTP/1.1" 404 216 "-" "Mozilla/5.0 (Windows NT 10.0; WOW64) AppleWebKit/537.36 (KHTML, like Gecko) Chrome/56.0.2924.87 Safari/537.36"
10.217.67.9 - - [10/Mar/2017:13:50:32 -0500] "GET /phs/adminCreateMPH.php HTTP/1.1" 200 3176 "-" "Mozilla/5.0 (Windows NT 10.0; WOW64) AppleWebKit/537.36 (KHTML, like Gecko) Chrome/56.0.2924.87 Safari/537.36"
10.217.67.9 - - [10/Mar/2017:13:50:36 -0500] "GET /phs/index.php? HTTP/1.1" 200 3116 "https://webappdev.queensu.ca/phs/adminCreateMPH.php" "Mozilla/5.0 (Windows NT 10.0; WOW64) AppleWebKit/537.36 (KHTML, like Gecko) Chrome/56.0.2924.87 Safari/537.36"
10.217.67.9 - - [10/Mar/2017:13:50:39 -0500] "POST /phs/index.php? HTTP/1.1" 302 3105 "https://webappdev.queensu.ca/phs/index.php?" "Mozilla/5.0 (Windows NT 10.0; WOW64) AppleWebKit/537.36 (KHTML, like Gecko) Chrome/56.0.2924.87 Safari/537.36"
10.217.67.9 - - [10/Mar/2017:13:50:39 -0500] "GET /phs/MPHAdminDashboard.php HTTP/1.1" 200 12794 "https://webappdev.queensu.ca/phs/index.php?" "Mozilla/5.0 (Windows NT 10.0; WOW64) AppleWebKit/537.36 (KHTML, like Gecko) Chrome/56.0.2924.87 Safari/537.36"
10.217.67.9 - - [10/Mar/2017:13:50:41 -0500] "GET /phs/adminCreateMPH.php HTTP/1.1" 200 3176 "https://webappdev.queensu.ca/phs/MPHAdminDashboard.php" "Mozilla/5.0 (Windows NT 10.0; WOW64) AppleWebKit/537.36 (KHTML, like Gecko) Chrome/56.0.2924.87 Safari/537.36"
10.217.67.9 - - [10/Mar/2017:13:50:43 -0500] "GET /phs/index.php? HTTP/1.1" 200 3116 "https://webappdev.queensu.ca/phs/adminCreateMPH.php" "Mozilla/5.0 (Windows NT 10.0; WOW64) AppleWebKit/537.36 (KHTML, like Gecko) Chrome/56.0.2924.87 Safari/537.36"
10.217.67.9 - - [10/Mar/2017:13:50:45 -0500] "POST /phs/index.php? HTTP/1.1" 302 3105 "https://webappdev.queensu.ca/phs/index.php?" "Mozilla/5.0 (Windows NT 10.0; WOW64) AppleWebKit/537.36 (KHTML, like Gecko) Chrome/56.0.2924.87 Safari/537.36"
10.217.67.9 - - [10/Mar/2017:13:50:45 -0500] "GET /phs/MPHAdminDashboard.php HTTP/1.1" 200 12794 "https://webappdev.queensu.ca/phs/index.php?" "Mozilla/5.0 (Windows NT 10.0; WOW64) AppleWebKit/537.36 (KHTML, like Gecko) Chrome/56.0.2924.87 Safari/537.36"
10.217.67.9 - - [10/Mar/2017:13:50:51 -0500] "GET /phs/adminAddOrganiztion.php HTTP/1.1" 404 16 "https://webappdev.queensu.ca/phs/MPHAdminDashboard.php" "Mozilla/5.0 (Windows NT 10.0; WOW64) AppleWebKit/537.36 (KHTML, like Gecko) Chrome/56.0.2924.87 Safari/537.36"
10.217.67.9 - - [10/Mar/2017:13:51:16 -0500] "GET /phs/adminAddOrganiztion.php HTTP/1.1" 404 16 "-" "Mozilla/5.0 (Windows NT 10.0; WOW64) AppleWebKit/537.36 (KHTML, like Gecko) Chrome/56.0.2924.87 Safari/537.36"
10.217.67.9 - - [10/Mar/2017:13:51:19 -0500] "GET /phs/MPHAdminDashboard.php HTTP/1.1" 200 12794 "https://webappdev.queensu.ca/phs/index.php?" "Mozilla/5.0 (Windows NT 10.0; WOW64) AppleWebKit/537.36 (KHTML, like Gecko) Chrome/56.0.2924.87 Safari/537.36"
10.217.67.9 - - [10/Mar/2017:13:51:22 -0500] "GET /phs/adminAddOrganiztion.php HTTP/1.1" 404 16 "https://webappdev.queensu.ca/phs/MPHAdminDashboard.php" "Mozilla/5.0 (Windows NT 10.0; WOW64) AppleWebKit/537.36 (KHTML, like Gecko) Chrome/56.0.2924.87 Safari/537.36"
10.217.67.9 - - [10/Mar/2017:13:51:47 -0500] "GET /phs/MPHAdminDashboard.php HTTP/1.1" 200 12795 "https://webappdev.queensu.ca/phs/index.php?" "Mozilla/5.0 (Windows NT 10.0; WOW64) AppleWebKit/537.36 (KHTML, like Gecko) Chrome/56.0.2924.87 Safari/537.36"
10.217.67.9 - - [10/Mar/2017:13:51:49 -0500] "GET /phs/adminAddOrganization.php HTTP/1.1" 200 567 "https://webappdev.queensu.ca/phs/MPHAdminDashboard.php" "Mozilla/5.0 (Windows NT 10.0; WOW64) AppleWebKit/537.36 (KHTML, like Gecko) Chrome/56.0.2924.87 Safari/537.36"
10.217.67.9 - - [10/Mar/2017:13:51:52 -0500] "POST /phs/adminAddOrganization.php HTTP/1.1" 200 1177 "https://webappdev.queensu.ca/phs/adminAddOrganization.php" "Mozilla/5.0 (Windows NT 10.0; WOW64) AppleWebKit/537.36 (KHTML, like Gecko) Chrome/56.0.2924.87 Safari/537.36"
10.217.67.9 - - [10/Mar/2017:13:52:02 -0500] "GET /phs/adminAddOrganization.php HTTP/1.1" 200 567 "https://webappdev.queensu.ca/phs/MPHAdminDashboard.php" "Mozilla/5.0 (Windows NT 10.0; WOW64) AppleWebKit/537.36 (KHTML, like Gecko) Chrome/56.0.2924.87 Safari/537.36"
10.217.67.9 - - [10/Mar/2017:13:52:03 -0500] "GET /phs/MPHAdminDashboard.php HTTP/1.1" 200 12795 "https://webappdev.queensu.ca/phs/index.php?" "Mozilla/5.0 (Windows NT 10.0; WOW64) AppleWebKit/537.36 (KHTML, like Gecko) Chrome/56.0.2924.87 Safari/537.36"
10.217.67.9 - - [10/Mar/2017:13:52:08 -0500] "GET /phs/adminAddPracMPH.php HTTP/1.1" 200 847 "https://webappdev.queensu.ca/phs/MPHAdminDashboard.php" "Mozilla/5.0 (Windows NT 10.0; WOW64) AppleWebKit/537.36 (KHTML, like Gecko) Chrome/56.0.2924.87 Safari/537.36"
10.217.67.9 - - [10/Mar/2017:13:52:37 -0500] "GET /phs/MPHAdminDashboard.php HTTP/1.1" 200 12795 "https://webappdev.queensu.ca/phs/index.php?" "Mozilla/5.0 (Windows NT 10.0; WOW64) AppleWebKit/537.36 (KHTML, like Gecko) Chrome/56.0.2924.87 Safari/537.36"
10.217.67.9 - - [10/Mar/2017:13:52:39 -0500] "GET /phs/index.php? HTTP/1.1" 200 3116 "https://webappdev.queensu.ca/phs/MPHAdminDashboard.php" "Mozilla/5.0 (Windows NT 10.0; WOW64) AppleWebKit/537.36 (KHTML, like Gecko) Chrome/56.0.2924.87 Safari/537.36"
10.217.67.9 - - [10/Mar/2017:13:52:42 -0500] "POST /phs/index.php? HTTP/1.1" 302 3105 "https://webappdev.queensu.ca/phs/index.php?" "Mozilla/5.0 (Windows NT 10.0; WOW64) AppleWebKit/537.36 (KHTML, like Gecko) Chrome/56.0.2924.87 Safari/537.36"
10.217.67.9 - - [10/Mar/2017:13:52:42 -0500] "GET /phs/MSCAdminDashboard.php HTTP/1.1" 200 11106 "https://webappdev.queensu.ca/phs/index.php?" "Mozilla/5.0 (Windows NT 10.0; WOW64) AppleWebKit/537.36 (KHTML, like Gecko) Chrome/56.0.2924.87 Safari/537.36"
10.217.67.9 - - [10/Mar/2017:14:00:56 -0500] "GET /phs/studentFirstLogin.php HTTP/1.1" 200 1974 "-" "Mozilla/5.0 (Windows NT 10.0; WOW64) AppleWebKit/537.36 (KHTML, like Gecko) Chrome/56.0.2924.87 Safari/537.36"
10.217.67.9 - - [10/Mar/2017:14:01:00 -0500] "GET /phs/profileMPH.php HTTP/1.1" 200 3548 "https://webappdev.queensu.ca/phs/studentFirstLogin.php" "Mozilla/5.0 (Windows NT 10.0; WOW64) AppleWebKit/537.36 (KHTML, like Gecko) Chrome/56.0.2924.87 Safari/537.36"
10.217.67.9 - - [10/Mar/2017:14:01:02 -0500] "GET /phs/profilePHD.php HTTP/1.1" 200 4517 "https://webappdev.queensu.ca/phs/profileMPH.php" "Mozilla/5.0 (Windows NT 10.0; WOW64) AppleWebKit/537.36 (KHTML, like Gecko) Chrome/56.0.2924.87 Safari/537.36"
10.217.67.9 - - [10/Mar/2017:14:02:02 -0500] "GET /phs/profileMSCB.php HTTP/1.1" 200 4509 "https://webappdev.queensu.ca/phs/profilePHD.php" "Mozilla/5.0 (Windows NT 10.0; WOW64) AppleWebKit/537.36 (KHTML, like Gecko) Chrome/56.0.2924.87 Safari/537.36"
10.217.67.9 - - [10/Mar/2017:14:02:46 -0500] "GET /phs/profileMSCE.php HTTP/1.1" 200 4481 "https://webappdev.queensu.ca/phs/profileMSCB.php" "Mozilla/5.0 (Windows NT 10.0; WOW64) AppleWebKit/537.36 (KHTML, like Gecko) Chrome/56.0.2924.87 Safari/537.36"
10.217.67.9 - - [10/Mar/2017:14:05:18 -0500] "GET /phs/MSCAdminDashboard.php HTTP/1.1" 200 11106 "-" "Mozilla/5.0 (Windows NT 10.0; WOW64) AppleWebKit/537.36 (KHTML, like Gecko) Chrome/56.0.2924.87 Safari/537.36"
